// Jest Snapshot v1, https://goo.gl/fbAQLP

exports[`<Error/> should render correctly 1`] = `
<DocumentFragment>
  必填
</DocumentFragment>
`;
