// Jest Snapshot v1, https://goo.gl/fbAQLP

exports[`<Field/> should render <Field/> 1`] = `
<DocumentFragment>
  <input
    readonly=""
    value="Tom"
  />
</DocumentFragment>
`;
